kotlin version: 2.0.21
error message: org.jetbrains.kotlin.backend.common.BackendException: Backend Internal error: Exception during IR lowering
File being compiled: /home/raju/Documents/projects/search_ai/core/permissions/src/main/java/com/photo/searchai/core/permissions/ui/PermissionScreen.kt
The root cause java.lang.RuntimeException was thrown at: org.jetbrains.kotlin.backend.jvm.codegen.FunctionCodegen.generate(FunctionCodegen.kt:47)
	at org.jetbrains.kotlin.backend.common.CodegenUtil.reportBackendException(CodegenUtil.kt:253)
	at org.jetbrains.kotlin.backend.common.CodegenUtil.reportBackendException$default(CodegenUtil.kt:236)
	at org.jetbrains.kotlin.backend.common.phaser.PerformByIrFilePhase.invokeSequential(performByIrFile.kt:65)
	at org.jetbrains.kotlin.backend.common.phaser.PerformByIrFilePhase.invoke(performByIrFile.kt:52)
	at org.jetbrains.kotlin.backend.common.phaser.PerformByIrFilePhase.invoke(performByIrFile.kt:38)
	at org.jetbrains.kotlin.backend.common.phaser.NamedCompilerPhase.phaseBody(CompilerPhase.kt:166)
	at org.jetbrains.kotlin.backend.common.phaser.AbstractNamedCompilerPhase.invoke(CompilerPhase.kt:113)
	at org.jetbrains.kotlin.backend.common.phaser.CompositePhase.invoke(PhaseBuilders.kt:27)
	at org.jetbrains.kotlin.backend.common.phaser.CompositePhase.invoke(PhaseBuilders.kt:14)
	at org.jetbrains.kotlin.backend.common.phaser.NamedCompilerPhase.phaseBody(CompilerPhase.kt:166)
	at org.jetbrains.kotlin.backend.common.phaser.AbstractNamedCompilerPhase.invoke(CompilerPhase.kt:113)
	at org.jetbrains.kotlin.backend.common.phaser.CompilerPhaseKt.invokeToplevel(CompilerPhase.kt:62)
	at org.jetbrains.kotlin.backend.jvm.JvmIrCodegenFactory.invokeCodegen(JvmIrCodegenFactory.kt:371)
	at org.jetbrains.kotlin.codegen.CodegenFactory.generateModule(CodegenFactory.kt:47)
	at org.jetbrains.kotlin.backend.jvm.JvmIrCodegenFactory.generateModuleInFrontendIRMode(JvmIrCodegenFactory.kt:433)
	at org.jetbrains.kotlin.cli.jvm.compiler.pipeline.JvmCompilerPipelineKt.generateCodeFromIr(jvmCompilerPipeline.kt:246)
	at org.jetbrains.kotlin.cli.jvm.compiler.pipeline.JvmCompilerPipelineKt.compileModulesUsingFrontendIrAndLightTree(jvmCompilerPipeline.kt:142)
	at org.jetbrains.kotlin.cli.jvm.K2JVMCompiler.doExecute(K2JVMCompiler.kt:148)
	at org.jetbrains.kotlin.cli.jvm.K2JVMCompiler.doExecute(K2JVMCompiler.kt:43)
	at org.jetbrains.kotlin.cli.common.CLICompiler.execImpl(CLICompiler.kt:103)
	at org.jetbrains.kotlin.cli.common.CLICompiler.execImpl(CLICompiler.kt:49)
	at org.jetbrains.kotlin.cli.common.CLITool.exec(CLITool.kt:101)
	at org.jetbrains.kotlin.incremental.IncrementalJvmCompilerRunner.runCompiler(IncrementalJvmCompilerRunner.kt:464)
	at org.jetbrains.kotlin.incremental.IncrementalJvmCompilerRunner.runCompiler(IncrementalJvmCompilerRunner.kt:73)
	at org.jetbrains.kotlin.incremental.IncrementalCompilerRunner.doCompile(IncrementalCompilerRunner.kt:506)
	at org.jetbrains.kotlin.incremental.IncrementalCompilerRunner.compileImpl(IncrementalCompilerRunner.kt:423)
	at org.jetbrains.kotlin.incremental.IncrementalCompilerRunner.compileNonIncrementally(IncrementalCompilerRunner.kt:301)
	at org.jetbrains.kotlin.incremental.IncrementalCompilerRunner.compile(IncrementalCompilerRunner.kt:129)
	at org.jetbrains.kotlin.daemon.CompileServiceImplBase.execIncrementalCompiler(CompileServiceImpl.kt:675)
	at org.jetbrains.kotlin.daemon.CompileServiceImplBase.access$execIncrementalCompiler(CompileServiceImpl.kt:92)
	at org.jetbrains.kotlin.daemon.CompileServiceImpl.compile(CompileServiceImpl.kt:1660)
	at java.base/jdk.internal.reflect.DirectMethodHandleAccessor.invoke(Unknown Source)
	at java.base/java.lang.reflect.Method.invoke(Unknown Source)
	at java.rmi/sun.rmi.server.UnicastServerRef.dispatch(Unknown Source)
	at java.rmi/sun.rmi.transport.Transport$1.run(Unknown Source)
	at java.rmi/sun.rmi.transport.Transport$1.run(Unknown Source)
	at java.base/java.security.AccessController.doPrivileged(Unknown Source)
	at java.rmi/sun.rmi.transport.Transport.serviceCall(Unknown Source)
	at java.rmi/sun.rmi.transport.tcp.TCPTransport.handleMessages(Unknown Source)
	at java.rmi/sun.rmi.transport.tcp.TCPTransport$ConnectionHandler.run0(Unknown Source)
	at java.rmi/sun.rmi.transport.tcp.TCPTransport$ConnectionHandler.lambda$run$0(Unknown Source)
	at java.base/java.security.AccessController.doPrivileged(Unknown Source)
	at java.rmi/sun.rmi.transport.tcp.TCPTransport$ConnectionHandler.run(Unknown Source)
	at java.base/java.util.concurrent.ThreadPoolExecutor.runWorker(Unknown Source)
	at java.base/java.util.concurrent.ThreadPoolExecutor$Worker.run(Unknown Source)
	at java.base/java.lang.Thread.run(Unknown Source)
Caused by: java.lang.RuntimeException: Exception while generating code for:
FUN name:PermissionScreen visibility:public modality:FINAL <> (onAllPermissionsGranted:kotlin.Function0<kotlin.Unit>) returnType:kotlin.Unit
  annotations:
    SuppressLint(value = ["BatteryLife"])
    OptIn(markerClass = [CLASS_REFERENCE 'CLASS IR_EXTERNAL_DECLARATION_STUB ANNOTATION_CLASS name:ExperimentalPermissionsApi modality:OPEN visibility:public superTypes:[kotlin.Annotation]' type=kotlin.reflect.KClass<com.google.accompanist.permissions.ExperimentalPermissionsApi>])
    Composable
  VALUE_PARAMETER name:onAllPermissionsGranted index:0 type:kotlin.Function0<kotlin.Unit>
  BLOCK_BODY
    VAR name:context type:android.content.Context [val]
      CALL 'public final fun <get-current> (): T of androidx.compose.runtime.CompositionLocal [inline] declared in androidx.compose.runtime.CompositionLocal' type=android.content.Context origin=GET_PROPERTY
        $this: TYPE_OP type=androidx.compose.runtime.CompositionLocal<T of androidx.compose.runtime.CompositionLocal> origin=IMPLICIT_CAST typeOperand=androidx.compose.runtime.CompositionLocal<T of androidx.compose.runtime.CompositionLocal>
          CALL 'public final fun <get-LocalContext> (): androidx.compose.runtime.ProvidableCompositionLocal<android.content.Context> declared in androidx.compose.ui.platform.AndroidCompositionLocals_androidKt' type=androidx.compose.runtime.ProvidableCompositionLocal<android.content.Context> origin=GET_PROPERTY
    VAR name:lifecycleOwner type:androidx.lifecycle.LifecycleOwner [val]
      CALL 'public final fun <get-current> (): T of androidx.compose.runtime.CompositionLocal [inline] declared in androidx.compose.runtime.CompositionLocal' type=androidx.lifecycle.LifecycleOwner origin=GET_PROPERTY
        $this: TYPE_OP type=androidx.compose.runtime.CompositionLocal<T of androidx.compose.runtime.CompositionLocal> origin=IMPLICIT_CAST typeOperand=androidx.compose.runtime.CompositionLocal<T of androidx.compose.runtime.CompositionLocal>
          CALL 'public final fun <get-LocalLifecycleOwner> (): androidx.compose.runtime.ProvidableCompositionLocal<androidx.lifecycle.LifecycleOwner> declared in androidx.compose.ui.platform.AndroidCompositionLocals_androidKt' type=androidx.compose.runtime.ProvidableCompositionLocal<androidx.lifecycle.LifecycleOwner> origin=GET_PROPERTY
    VAR PROPERTY_DELEGATE name:refreshKey$delegate type:androidx.compose.runtime.MutableState<kotlin.Int> [val]
      CALL 'public final fun remember <T> (calculation: @[DisallowComposableCalls] kotlin.Function0<T of androidx.compose.runtime.ComposablesKt.remember>): T of androidx.compose.runtime.ComposablesKt.remember [inline] declared in androidx.compose.runtime.ComposablesKt' type=androidx.compose.runtime.MutableState<kotlin.Int> origin=null
        <T>: androidx.compose.runtime.MutableState<kotlin.Int>
        calculation: BLOCK type=kotlin.Function0<androidx.compose.runtime.MutableState<kotlin.Int>> origin=LAMBDA
          COMPOSITE type=kotlin.Unit origin=null
          FUNCTION_REFERENCE 'private final fun PermissionScreen$lambda$0 (): androidx.compose.runtime.MutableState<kotlin.Int> declared in com.photo.searchai.core.permissions.ui.PermissionScreenKt' type=kotlin.Function0<androidx.compose.runtime.MutableState<kotlin.Int>> origin=INLINE_LAMBDA reflectionTarget=null
    CALL 'public final fun DisposableEffect (key1: kotlin.Any?, effect: @[ExtensionFunctionType] kotlin.Function1<androidx.compose.runtime.DisposableEffectScope, androidx.compose.runtime.DisposableEffectResult>): kotlin.Unit declared in androidx.compose.runtime.EffectsKt' type=kotlin.Unit origin=null
      key1: GET_VAR 'val lifecycleOwner: androidx.lifecycle.LifecycleOwner [val] declared in com.photo.searchai.core.permissions.ui.PermissionScreenKt.PermissionScreen' type=androidx.lifecycle.LifecycleOwner origin=null
      effect: BLOCK type=@[ExtensionFunctionType] kotlin.Function1<androidx.compose.runtime.DisposableEffectScope, androidx.compose.runtime.DisposableEffectResult> origin=LAMBDA
        COMPOSITE type=kotlin.Unit origin=null
        CALL 'public final fun <jvm-indy> <T> (dynamicCall: T of kotlin.jvm.internal.<jvm-indy>, bootstrapMethodHandle: kotlin.Any, vararg bootstrapMethodArguments: kotlin.Any): T of kotlin.jvm.internal.<jvm-indy> declared in kotlin.jvm.internal' type=@[ExtensionFunctionType] kotlin.Function1<androidx.compose.runtime.DisposableEffectScope, androidx.compose.runtime.DisposableEffectResult> origin=null
          <T>: @[ExtensionFunctionType] kotlin.Function1<androidx.compose.runtime.DisposableEffectScope, androidx.compose.runtime.DisposableEffectResult>
          dynamicCall: CALL 'public final fun invoke (p0: androidx.lifecycle.LifecycleOwner, p1: androidx.compose.runtime.MutableState<kotlin.Int>): @[ExtensionFunctionType] kotlin.Function1<androidx.compose.runtime.DisposableEffectScope, androidx.compose.runtime.DisposableEffectResult> declared in kotlin.jvm.internal.invokeDynamic' type=@[ExtensionFunctionType] kotlin.Function1<androidx.compose.runtime.DisposableEffectScope, androidx.compose.runtime.DisposableEffectResult> origin=null
            p0: GET_VAR 'val lifecycleOwner: androidx.lifecycle.LifecycleOwner [val] declared in com.photo.searchai.core.permissions.ui.PermissionScreenKt.PermissionScreen' type=androidx.lifecycle.LifecycleOwner origin=null
            p1: GET_VAR 'val refreshKey$delegate: androidx.compose.runtime.MutableState<kotlin.Int> [val] declared in com.photo.searchai.core.permissions.ui.PermissionScreenKt.PermissionScreen' type=androidx.compose.runtime.MutableState<kotlin.Int> origin=null
          bootstrapMethodHandle: CALL 'public final fun <jvm-method-handle> (tag: kotlin.Int, owner: kotlin.String, name: kotlin.String, descriptor: kotlin.String, isInterface: kotlin.Boolean): kotlin.Any declared in kotlin.jvm.internal' type=kotlin.Any origin=null
            tag: CONST Int type=kotlin.Int value=6
            owner: CONST String type=kotlin.String value="java/lang/invoke/LambdaMetafactory"
            name: CONST String type=kotlin.String value="metafactory"
            descriptor: CONST String type=kotlin.String value="(Ljava/lang/invoke/MethodHandles$Lookup;Ljava/lang/String;Ljava/lang/invoke/MethodType;Ljava/lang/invoke/MethodType;Ljava/lang/invoke/MethodHandle;Ljava/lang/invoke/MethodType;)Ljava/lang/invoke/CallSite;"
            isInterface: CONST Boolean type=kotlin.Boolean value=false
          bootstrapMethodArguments: VARARG type=kotlin.Array<kotlin.Any> varargElementType=kotlin.Any
            CALL 'public final fun <jvm-original-method-type> (method: kotlin.Any): kotlin.Any declared in kotlin.jvm.internal' type=kotlin.Any origin=null
              method: RAW_FUNCTION_REFERENCE 'public abstract fun invoke (p1: P1 of kotlin.Function1): R of kotlin.Function1 [operator] declared in kotlin.Function1' type=kotlin.Any
            RAW_FUNCTION_REFERENCE 'private final fun PermissionScreen$lambda$5 ($lifecycleOwner: androidx.lifecycle.LifecycleOwner, $refreshKey$delegate: androidx.compose.runtime.MutableState<kotlin.Int>, $this$DisposableEffect: androidx.compose.runtime.DisposableEffectScope): androidx.compose.runtime.DisposableEffectResult declared in com.photo.searchai.core.permissions.ui.PermissionScreenKt' type=kotlin.Any
            CALL 'public final fun <jvm-original-method-type> (method: kotlin.Any): kotlin.Any declared in kotlin.jvm.internal' type=kotlin.Any origin=null
              method: RAW_FUNCTION_REFERENCE 'public abstract fun invoke (p1: androidx.compose.runtime.DisposableEffectScope): androidx.compose.runtime.DisposableEffectResult [fake_override,operator] declared in kotlin.jvm.internal.invokeDynamic.<fake>' type=kotlin.Any
    VAR name:isStorageGranted type:kotlin.Boolean [val]
      CALL 'public final fun remember <T> (key1: kotlin.Any?, calculation: @[DisallowComposableCalls] kotlin.Function0<T of androidx.compose.runtime.ComposablesKt.remember>): T of androidx.compose.runtime.ComposablesKt.remember [inline] declared in androidx.compose.runtime.ComposablesKt' type=kotlin.Boolean origin=null
        <T>: kotlin.Boolean
        key1: CALL 'private final fun PermissionScreen$lambda$1 ($refreshKey$delegate: androidx.compose.runtime.MutableState<kotlin.Int>): kotlin.Int declared in com.photo.searchai.core.permissions.ui.PermissionScreenKt' type=kotlin.Int origin=GET_LOCAL_PROPERTY
          $refreshKey$delegate: GET_VAR 'val refreshKey$delegate: androidx.compose.runtime.MutableState<kotlin.Int> [val] declared in com.photo.searchai.core.permissions.ui.PermissionScreenKt.PermissionScreen' type=androidx.compose.runtime.MutableState<kotlin.Int> origin=null
        calculation: BLOCK type=kotlin.Function0<kotlin.Boolean> origin=LAMBDA
          COMPOSITE type=kotlin.Unit origin=null
          FUNCTION_REFERENCE 'private final fun PermissionScreen$lambda$6 (): kotlin.Boolean declared in com.photo.searchai.core.permissions.ui.PermissionScreenKt' type=kotlin.Function0<kotlin.Boolean> origin=INLINE_LAMBDA reflectionTarget=null
    VAR name:notificationPermissionState type:com.google.accompanist.permissions.PermissionState? [val]
      WHEN type=com.google.accompanist.permissions.PermissionState? origin=IF
        BRANCH
          if: CALL 'public final fun greaterOrEqual (arg0: kotlin.Int, arg1: kotlin.Int): kotlin.Boolean declared in kotlin.internal.ir' type=kotlin.Boolean origin=GTEQ
            arg0: GET_FIELD 'FIELD IR_EXTERNAL_JAVA_DECLARATION_STUB name:SDK_INT type:kotlin.Int visibility:public [final,static] declared in android.os.Build.VERSION' type=kotlin.Int superQualifierSymbol=android.os.Build.VERSION origin=null
            arg1: CONST Int type=kotlin.Int value=33
          then: BLOCK type=com.google.accompanist.permissions.PermissionState origin=null
            CALL 'public final fun rememberPermissionState$default (permission: kotlin.String, onPermissionResult: kotlin.Function1<kotlin.Boolean, kotlin.Unit>?, $mask0: kotlin.Int, $handler: kotlin.Any?): com.google.accompanist.permissions.PermissionState declared in com.google.accompanist.permissions.PermissionStateKt' type=com.google.accompanist.permissions.PermissionState origin=DEFAULT_DISPATCH_CALL
              permission: CONST String type=kotlin.String value="android.permission.POST_NOTIFICATIONS"
              onPermissionResult: COMPOSITE type=kotlin.Function1<kotlin.Boolean, kotlin.Unit>? origin=DEFAULT_VALUE
                CONST Null type=kotlin.Function1<kotlin.Boolean, kotlin.Unit>? value=null
              $mask0: CONST Int type=kotlin.Int value=2
              $handler: CONST Null type=kotlin.Any? value=null
        BRANCH
          if: CONST Boolean type=kotlin.Boolean value=true
          then: BLOCK type=kotlin.Nothing? origin=null
            CONST Null type=kotlin.Nothing? value=null
    VAR name:isNotificationGranted type:kotlin.Boolean [val]
      BLOCK type=kotlin.Boolean origin=FOLDED_ELVIS
        WHEN type=kotlin.Boolean origin=FOLDED_ELVIS
          BRANCH
            if: CALL 'public final fun ANDAND (arg0: kotlin.Boolean, arg1: kotlin.Boolean): kotlin.Boolean declared in kotlin.internal.ir' type=kotlin.Boolean origin=null
              arg0: CALL 'public final fun ANDAND (arg0: kotlin.Boolean, arg1: kotlin.Boolean): kotlin.Boolean declared in kotlin.internal.ir' type=kotlin.Boolean origin=null
                arg0: COMPOSITE type=kotlin.Boolean origin=null
                  CALL 'public final fun not (): kotlin.Boolean [operator] declared in kotlin.Boolean' type=kotlin.Boolean origin=null
                    $this: CALL 'public final fun EQEQ (arg0: kotlin.Any?, arg1: kotlin.Any?): kotlin.Boolean declared in kotlin.internal.ir' type=kotlin.Boolean origin=null
                      arg0: GET_VAR 'val notificationPermissionState: com.google.accompanist.permissions.PermissionState? [val] declared in com.photo.searchai.core.permissions.ui.PermissionScreenKt.PermissionScreen' type=com.google.accompanist.permissions.PermissionState? origin=null
                      arg1: CONST Null type=kotlin.Nothing? value=null
                arg1: COMPOSITE type=kotlin.Boolean origin=null
                  VAR IR_TEMPORARY_VARIABLE name:tmp1_safe_receiver type:com.google.accompanist.permissions.PermissionStatus [val]
                    CALL 'public abstract fun <get-status> (): com.google.accompanist.permissions.PermissionStatus declared in com.google.accompanist.permissions.PermissionState' type=com.google.accompanist.permissions.PermissionStatus origin=GET_PROPERTY
                      $this: GET_VAR 'val notificationPermissionState: com.google.accompanist.permissions.PermissionState? [val] declared in com.photo.searchai.core.permissions.ui.PermissionScreenKt.PermissionScreen' type=com.google.accompanist.permissions.PermissionState? origin=null
                  CALL 'public final fun not (): kotlin.Boolean [operator] declared in kotlin.Boolean' type=kotlin.Boolean origin=null
                    $this: CALL 'public final fun EQEQ (arg0: kotlin.Any?, arg1: kotlin.Any?): kotlin.Boolean declared in kotlin.internal.ir' type=kotlin.Boolean origin=null
                      arg0: GET_VAR 'val tmp1_safe_receiver: com.google.accompanist.permissions.PermissionStatus [val] declared in com.photo.searchai.core.permissions.ui.PermissionScreenKt.PermissionScreen' type=com.google.accompanist.permissions.PermissionStatus origin=null
                      arg1: CONST Null type=kotlin.Nothing? value=null
              arg1: COMPOSITE type=kotlin.Boolean origin=null
                VAR IR_TEMPORARY_VARIABLE name:tmp2_elvis_lhs type:kotlin.Boolean [val]
                  CALL 'public final fun <get-isGranted> (): kotlin.Boolean declared in com.google.accompanist.permissions.PermissionsUtilKt' type=kotlin.Boolean origin=GET_PROPERTY
                    $receiver: GET_VAR 'val tmp1_safe_receiver: com.google.accompanist.permissions.PermissionStatus [val] declared in com.photo.searchai.core.permissions.ui.PermissionScreenKt.PermissionScreen' type=com.google.accompanist.permissions.PermissionStatus? origin=null
                CALL 'public final fun not (): kotlin.Boolean [operator] declared in kotlin.Boolean' type=kotlin.Boolean origin=null
                  $this: CALL 'public final fun EQEQ (arg0: kotlin.Any?, arg1: kotlin.Any?): kotlin.Boolean declared in kotlin.internal.ir' type=kotlin.Boolean origin=null
                    arg0: GET_VAR 'val tmp2_elvis_lhs: kotlin.Boolean [val] declared in com.photo.searchai.core.permissions.ui.PermissionScreenKt.PermissionScreen' type=kotlin.Boolean origin=null
                    arg1: CONST Null type=kotlin.Nothing? value=null
            then: GET_VAR 'val tmp2_elvis_lhs: kotlin.Boolean [val] declared in com.photo.searchai.core.permissions.ui.PermissionScreenKt.PermissionScreen' type=kotlin.Boolean origin=null
          BRANCH
            if: CONST Boolean type=kotlin.Boolean value=true
            then: CONST Boolean type=kotlin.Boolean value=true
    VAR name:isBatteryOptimized type:kotlin.Boolean [val]
      CALL 'public final fun remember <T> (key1: kotlin.Any?, calculation: @[DisallowComposableCalls] kotlin.Function0<T of androidx.compose.runtime.ComposablesKt.remember>): T of androidx.compose.runtime.ComposablesKt.remember [inline] declared in androidx.compose.runtime.ComposablesKt' type=kotlin.Boolean origin=null
        <T>: kotlin.Boolean
        key1: CALL 'private final fun PermissionScreen$lambda$1 ($refreshKey$delegate: androidx.compose.runtime.MutableState<kotlin.Int>): kotlin.Int declared in com.photo.searchai.core.permissions.ui.PermissionScreenKt' type=kotlin.Int origin=GET_LOCAL_PROPERTY
          $refreshKey$delegate: GET_VAR 'val refreshKey$delegate: androidx.compose.runtime.MutableState<kotlin.Int> [val] declared in com.photo.searchai.core.permissions.ui.PermissionScreenKt.PermissionScreen' type=androidx.compose.runtime.MutableState<kotlin.Int> origin=null
        calculation: BLOCK type=kotlin.Function0<kotlin.Boolean> origin=LAMBDA
          COMPOSITE type=kotlin.Unit origin=null
          FUNCTION_REFERENCE 'private final fun PermissionScreen$lambda$7 ($context: android.content.Context): kotlin.Boolean declared in com.photo.searchai.core.permissions.ui.PermissionScreenKt' type=kotlin.Function0<kotlin.Boolean> origin=INLINE_LAMBDA reflectionTarget=null
            $context: GET_VAR 'val context: android.content.Context [val] declared in com.photo.searchai.core.permissions.ui.PermissionScreenKt.PermissionScreen' type=android.content.Context origin=null
    VAR name:storageLauncher type:androidx.activity.compose.ManagedActivityResultLauncher<android.content.Intent, androidx.activity.result.ActivityResult> [val]
      CALL 'public final fun rememberLauncherForActivityResult <I, O> (contract: androidx.activity.result.contract.ActivityResultContract<I of androidx.activity.compose.ActivityResultRegistryKt.rememberLauncherForActivityResult, O of androidx.activity.compose.ActivityResultRegistryKt.rememberLauncherForActivityResult>, onResult: kotlin.Function1<O of androidx.activity.compose.ActivityResultRegistryKt.rememberLauncherForActivityResult, kotlin.Unit>): androidx.activity.compose.ManagedActivityResultLauncher<I of androidx.activity.compose.ActivityResultRegistryKt.rememberLauncherForActivityResult, O of androidx.activity.compose.ActivityResultRegistryKt.rememberLauncherForActivityResult> declared in androidx.activity.compose.ActivityResultRegistryKt' type=androidx.activity.compose.ManagedActivityResultLauncher<android.content.Intent, androidx.activity.result.ActivityResult> origin=null
        <I>: android.content.Intent
        <O>: androidx.activity.result.ActivityResult
        contract: CONSTRUCTOR_CALL 'public constructor <init> () [primary] declared in androidx.activity.result.contract.ActivityResultContracts.StartActivityForResult' type=androidx.activity.result.contract.ActivityResultContracts.StartActivityForResult origin=null
        onResult: BLOCK type=kotlin.Function1<androidx.activity.result.ActivityResult, kotlin.Unit> origin=LAMBDA
          COMPOSITE type=kotlin.Unit origin=null
          CALL 'public final fun <jvm-indy> <T> (dynamicCall: T of kotlin.jvm.internal.<jvm-indy>, bootstrapMethodHandle: kotlin.Any, vararg bootstrapMethodArguments: kotlin.Any): T of kotlin.jvm.internal.<jvm-indy> declared in kotlin.jvm.internal' type=kotlin.Function1<androidx.activity.result.ActivityResult, kotlin.Unit> origin=null
            <T>: kotlin.Function1<androidx.activity.result.ActivityResult, kotlin.Unit>
            dynamicCall: CALL 'public final fun invoke (): kotlin.Function1<androidx.activity.result.ActivityResult, kotlin.Unit> declared in kotlin.jvm.internal.invokeDynamic' type=kotlin.Function1<androidx.activity.result.ActivityResult, kotlin.Unit> origin=null
            bootstrapMethodHandle: CALL 'public final fun <jvm-method-handle> (tag: kotlin.Int, owner: kotlin.String, name: kotlin.String, descriptor: kotlin.String, isInterface: kotlin.Boolean): kotlin.Any declared in kotlin.jvm.internal' type=kotlin.Any origin=null
              tag: CONST Int type=kotlin.Int value=6
              owner: CONST String type=kotlin.String value="java/lang/invoke/LambdaMetafactory"
              name: CONST String type=kotlin.String value="metafactory"
              descriptor: CONST String type=kotlin.String value="(Ljava/lang/invoke/MethodHandles$Lookup;Ljava/lang/String;Ljava/lang/invoke/MethodType;Ljava/lang/invoke/MethodType;Ljava/lang/invoke/MethodHandle;Ljava/lang/invoke/MethodType;)Ljava/lang/invoke/CallSite;"
              isInterface: CONST Boolean type=kotlin.Boolean value=false
            bootstrapMethodArguments: VARARG type=kotlin.Array<kotlin.Any> varargElementType=kotlin.Any
              CALL 'public final fun <jvm-original-method-type> (method: kotlin.Any): kotlin.Any declared in kotlin.jvm.internal' type=kotlin.Any origin=null
                method: RAW_FUNCTION_REFERENCE 'public abstract fun invoke (p1: P1 of kotlin.Function1): R of kotlin.Function1 [operator] declared in kotlin.Function1' type=kotlin.Any
              RAW_FUNCTION_REFERENCE 'private final fun PermissionScreen$lambda$8 (it: androidx.activity.result.ActivityResult): kotlin.Unit? declared in com.photo.searchai.core.permissions.ui.PermissionScreenKt' type=kotlin.Any
              CALL 'public final fun <jvm-original-method-type> (method: kotlin.Any): kotlin.Any declared in kotlin.jvm.internal' type=kotlin.Any origin=null
                method: RAW_FUNCTION_REFERENCE 'public abstract fun invoke (p1: androidx.activity.result.ActivityResult): kotlin.Unit? [fake_override,operator] declared in kotlin.jvm.internal.invokeDynamic.<fake>' type=kotlin.Any
    VAR name:batteryLauncher type:androidx.activity.compose.ManagedActivityResultLauncher<android.content.Intent, androidx.activity.result.ActivityResult> [val]
      CALL 'public final fun rememberLauncherForActivityResult <I, O> (contract: androidx.activity.result.contract.ActivityResultContract<I of androidx.activity.compose.ActivityResultRegistryKt.rememberLauncherForActivityResult, O of androidx.activity.compose.ActivityResultRegistryKt.rememberLauncherForActivityResult>, onResult: kotlin.Function1<O of androidx.activity.compose.ActivityResultRegistryKt.rememberLauncherForActivityResult, kotlin.Unit>): androidx.activity.compose.ManagedActivityResultLauncher<I of androidx.activity.compose.ActivityResultRegistryKt.rememberLauncherForActivityResult, O of androidx.activity.compose.ActivityResultRegistryKt.rememberLauncherForActivityResult> declared in androidx.activity.compose.ActivityResultRegistryKt' type=androidx.activity.compose.ManagedActivityResultLauncher<android.content.Intent, androidx.activity.result.ActivityResult> origin=null
        <I>: android.content.Intent
        <O>: androidx.activity.result.ActivityResult
        contract: CONSTRUCTOR_CALL 'public constructor <init> () [primary] declared in androidx.activity.result.contract.ActivityResultContracts.StartActivityForResult' type=androidx.activity.result.contract.ActivityResultContracts.StartActivityForResult origin=null
        onResult: BLOCK type=kotlin.Function1<androidx.activity.result.ActivityResult, kotlin.Unit> origin=LAMBDA
          COMPOSITE type=kotlin.Unit origin=null
          CALL 'public final fun <jvm-indy> <T> (dynamicCall: T of kotlin.jvm.internal.<jvm-indy>, bootstrapMethodHandle: kotlin.Any, vararg bootstrapMethodArguments: kotlin.Any): T of kotlin.jvm.internal.<jvm-indy> declared in kotlin.jvm.internal' type=kotlin.Function1<androidx.activity.result.ActivityResult, kotlin.Unit> origin=null
            <T>: kotlin.Function1<androidx.activity.result.ActivityResult, kotlin.Unit>
            dynamicCall: CALL 'public final fun invoke (): kotlin.Function1<androidx.activity.result.ActivityResult, kotlin.Unit> declared in kotlin.jvm.internal.invokeDynamic' type=kotlin.Function1<androidx.activity.result.ActivityResult, kotlin.Unit> origin=null
            bootstrapMethodHandle: CALL 'public final fun <jvm-method-handle> (tag: kotlin.Int, owner: kotlin.String, name: kotlin.String, descriptor: kotlin.String, isInterface: kotlin.Boolean): kotlin.Any declared in kotlin.jvm.internal' type=kotlin.Any origin=null
              tag: CONST Int type=kotlin.Int value=6
              owner: CONST String type=kotlin.String value="java/lang/invoke/LambdaMetafactory"
              name: CONST String type=kotlin.String value="metafactory"
              descriptor: CONST String type=kotlin.String value="(Ljava/lang/invoke/MethodHandles$Lookup;Ljava/lang/String;Ljava/lang/invoke/MethodType;Ljava/lang/invoke/MethodType;Ljava/lang/invoke/MethodHandle;Ljava/lang/invoke/MethodType;)Ljava/lang/invoke/CallSite;"
              isInterface: CONST Boolean type=kotlin.Boolean value=false
            bootstrapMethodArguments: VARARG type=kotlin.Array<kotlin.Any> varargElementType=kotlin.Any
              CALL 'public final fun <jvm-original-method-type> (method: kotlin.Any): kotlin.Any declared in kotlin.jvm.internal' type=kotlin.Any origin=null
                method: RAW_FUNCTION_REFERENCE 'public abstract fun invoke (p1: P1 of kotlin.Function1): R of kotlin.Function1 [operator] declared in kotlin.Function1' type=kotlin.Any
              RAW_FUNCTION_REFERENCE 'private final fun PermissionScreen$lambda$9 (it: androidx.activity.result.ActivityResult): kotlin.Unit? declared in com.photo.searchai.core.permissions.ui.PermissionScreenKt' type=kotlin.Any
              CALL 'public final fun <jvm-original-method-type> (method: kotlin.Any): kotlin.Any declared in kotlin.jvm.internal' type=kotlin.Any origin=null
                method: RAW_FUNCTION_REFERENCE 'public abstract fun invoke (p1: androidx.activity.result.ActivityResult): kotlin.Unit? [fake_override,operator] declared in kotlin.jvm.internal.invokeDynamic.<fake>' type=kotlin.Any
    CALL 'public final fun Column$default (modifier: androidx.compose.ui.Modifier?, verticalArrangement: androidx.compose.foundation.layout.Arrangement.Vertical?, horizontalAlignment: androidx.compose.ui.Alignment.Horizontal?, content: @[Composable] @[ExtensionFunctionType] kotlin.Function1<androidx.compose.foundation.layout.ColumnScope, kotlin.Unit>, $mask0: kotlin.Int, $handler: kotlin.Any?): kotlin.Unit [inline] declared in androidx.compose.foundation.layout.ColumnKt' type=kotlin.Unit origin=DEFAULT_DISPATCH_CALL
      modifier: CALL 'public final fun padding-3ABfNKs (all: androidx.compose.ui.unit.Dp): androidx.compose.ui.Modifier declared in androidx.compose.foundation.layout.PaddingKt' type=androidx.compose.ui.Modifier origin=null
        $receiver: CALL 'public final fun fillMaxSize$default (fraction: kotlin.Float, $mask0: kotlin.Int, $handler: kotlin.Any?): androidx.compose.ui.Modifier declared in androidx.compose.foundation.layout.SizeKt' type=androidx.compose.ui.Modifier origin=DEFAULT_DISPATCH_CALL
          $receiver: GET_FIELD 'FIELD FIELD_FOR_OBJECT_INSTANCE name:Companion type:androidx.compose.ui.Modifier.Companion visibility:public [final,static] declared in androidx.compose.ui.Modifier' type=androidx.compose.ui.Modifier.Companion origin=null
          fraction: COMPOSITE type=kotlin.Float origin=DEFAULT_VALUE
            CONST Float type=kotlin.Float value=0.0
          $mask0: CONST Int type=kotlin.Int value=1
          $handler: CONST Null type=kotlin.Any? value=null
        all: CALL 'public final fun <get-dp> (): androidx.compose.ui.unit.Dp [inline] declared in androidx.compose.ui.unit.DpKt' type=androidx.compose.ui.unit.Dp origin=GET_PROPERTY
          $receiver: CONST Int type=kotlin.Int value=16
      verticalArrangement: COMPOSITE type=androidx.compose.foundation.layout.Arrangement.Vertical? origin=DEFAULT_VALUE
        CONST Null type=androidx.compose.foundation.layout.Arrangement.Vertical? value=null
      horizontalAlignment: CALL 'public final fun <get-CenterHorizontally> (): androidx.compose.ui.Alignment.Horizontal declared in androidx.compose.ui.Alignment.Companion' type=androidx.compose.ui.Alignment.Horizontal origin=GET_PROPERTY
        $this: GET_FIELD 'FIELD FIELD_FOR_OBJECT_INSTANCE name:Companion type:androidx.compose.ui.Alignment.Companion visibility:public [final,static] declared in androidx.compose.ui.Alignment' type=androidx.compose.ui.Alignment.Companion origin=null
      content: BLOCK type=@[ExtensionFunctionType] kotlin.Function1<androidx.compose.foundation.layout.ColumnScope, kotlin.Unit> origin=LAMBDA
        COMPOSITE type=kotlin.Unit origin=null
        FUNCTION_REFERENCE 'private final fun PermissionScreen$lambda$20 ($onAllPermissionsGranted: kotlin.Function0<kotlin.Unit>, $isStorageGranted: kotlin.Boolean, $storageLauncher: androidx.activity.compose.ManagedActivityResultLauncher<android.content.Intent, androidx.activity.result.ActivityResult>, $context: android.content.Context, $isNotificationGranted: kotlin.Boolean, $notificationPermissionState: com.google.accompanist.permissions.PermissionState?, $isBatteryOptimized: kotlin.Boolean, $batteryLauncher: androidx.activity.compose.ManagedActivityResultLauncher<android.content.Intent, androidx.activity.result.ActivityResult>): kotlin.Unit declared in com.photo.searchai.core.permissions.ui.PermissionScreenKt' type=@[ExtensionFunctionType] kotlin.Function1<androidx.compose.foundation.layout.ColumnScope, kotlin.Unit> origin=INLINE_LAMBDA reflectionTarget=null
          $onAllPermissionsGranted: GET_VAR 'onAllPermissionsGranted: kotlin.Function0<kotlin.Unit> declared in com.photo.searchai.core.permissions.ui.PermissionScreenKt.PermissionScreen' type=kotlin.Function0<kotlin.Unit> origin=null
          $isStorageGranted: GET_VAR 'val isStorageGranted: kotlin.Boolean [val] declared in com.photo.searchai.core.permissions.ui.PermissionScreenKt.PermissionScreen' type=kotlin.Boolean origin=null
          $storageLauncher: GET_VAR 'val storageLauncher: androidx.activity.compose.ManagedActivityResultLauncher<android.content.Intent, androidx.activity.result.ActivityResult> [val] declared in com.photo.searchai.core.permissions.ui.PermissionScreenKt.PermissionScreen' type=androidx.activity.compose.ManagedActivityResultLauncher<android.content.Intent, androidx.activity.result.ActivityResult> origin=null
          $context: GET_VAR 'val context: android.content.Context [val] declared in com.photo.searchai.core.permissions.ui.PermissionScreenKt.PermissionScreen' type=android.content.Context origin=null
          $isNotificationGranted: GET_VAR 'val isNotificationGranted: kotlin.Boolean [val] declared in com.photo.searchai.core.permissions.ui.PermissionScreenKt.PermissionScreen' type=kotlin.Boolean origin=null
          $notificationPermissionState: GET_VAR 'val notificationPermissionState: com.google.accompanist.permissions.PermissionState? [val] declared in com.photo.searchai.core.permissions.ui.PermissionScreenKt.PermissionScreen' type=com.google.accompanist.permissions.PermissionState? origin=null
          $isBatteryOptimized: GET_VAR 'val isBatteryOptimized: kotlin.Boolean [val] declared in com.photo.searchai.core.permissions.ui.PermissionScreenKt.PermissionScreen' type=kotlin.Boolean origin=null
          $batteryLauncher: GET_VAR 'val batteryLauncher: androidx.activity.compose.ManagedActivityResultLauncher<android.content.Intent, androidx.activity.result.ActivityResult> [val] declared in com.photo.searchai.core.permissions.ui.PermissionScreenKt.PermissionScreen' type=androidx.activity.compose.ManagedActivityResultLauncher<android.content.Intent, androidx.activity.result.ActivityResult> origin=null
      $mask0: CONST Int type=kotlin.Int value=2
      $handler: CONST Null type=kotlin.Any? value=null

	at org.jetbrains.kotlin.backend.jvm.codegen.FunctionCodegen.generate(FunctionCodegen.kt:47)
	at org.jetbrains.kotlin.backend.jvm.codegen.FunctionCodegen.generate$default(FunctionCodegen.kt:40)
	at org.jetbrains.kotlin.backend.jvm.codegen.ClassCodegen.generateMethodNode(ClassCodegen.kt:406)
	at org.jetbrains.kotlin.backend.jvm.codegen.ClassCodegen.generateMethod(ClassCodegen.kt:423)
	at org.jetbrains.kotlin.backend.jvm.codegen.ClassCodegen.generate(ClassCodegen.kt:168)
	at org.jetbrains.kotlin.backend.jvm.FileCodegen.lower(JvmPhases.kt:39)
	at org.jetbrains.kotlin.backend.common.phaser.PhaseFactoriesKt.createFilePhase$lambda$4(PhaseFactories.kt:71)
	at org.jetbrains.kotlin.backend.common.phaser.PhaseBuildersKt$createSimpleNamedCompilerPhase$1.phaseBody(PhaseBuilders.kt:69)
	at org.jetbrains.kotlin.backend.common.phaser.SimpleNamedCompilerPhase.phaseBody(CompilerPhase.kt:226)
	at org.jetbrains.kotlin.backend.common.phaser.AbstractNamedCompilerPhase.invoke(CompilerPhase.kt:113)
	at org.jetbrains.kotlin.backend.common.phaser.PerformByIrFilePhase.invokeSequential(performByIrFile.kt:62)
	... 43 more
Caused by: org.jetbrains.kotlin.codegen.CompilationException: Back-end (JVM) Internal error: Couldn't inline method call: CALL 'public final fun <get-current> (): T of androidx.compose.runtime.CompositionLocal [inline] declared in androidx.compose.runtime.CompositionLocal' type=android.content.Context origin=GET_PROPERTY
Method: null
File is unknown
The root cause java.lang.IllegalStateException was thrown at: org.jetbrains.kotlin.codegen.inline.SourceCompilerForInlineKt.getMethodNode(SourceCompilerForInline.kt:118)
	at org.jetbrains.kotlin.codegen.inline.InlineCodegen.performInline(InlineCodegen.kt:65)
	at org.jetbrains.kotlin.backend.jvm.codegen.IrInlineCodegen.genInlineCall(IrInlineCodegen.kt:163)
	at org.jetbrains.kotlin.backend.jvm.codegen.IrInlineCallGenerator.genCall(IrInlineCallGenerator.kt:36)
	at org.jetbrains.kotlin.backend.jvm.codegen.ExpressionCodegen.visitCall(ExpressionCodegen.kt:653)
	at org.jetbrains.kotlin.backend.jvm.codegen.ExpressionCodegen.visitCall(ExpressionCodegen.kt:138)
	at org.jetbrains.kotlin.ir.expressions.IrCall.accept(IrCall.kt:24)
	at org.jetbrains.kotlin.backend.jvm.codegen.ExpressionCodegen.visitVariable(ExpressionCodegen.kt:790)
	at org.jetbrains.kotlin.backend.jvm.codegen.ExpressionCodegen.visitVariable(ExpressionCodegen.kt:138)
	at org.jetbrains.kotlin.ir.declarations.IrVariable.accept(IrVariable.kt:36)
	at org.jetbrains.kotlin.backend.jvm.codegen.ExpressionCodegen.visitStatementContainer(ExpressionCodegen.kt:579)
	at org.jetbrains.kotlin.backend.jvm.codegen.ExpressionCodegen.visitBlockBody(ExpressionCodegen.kt:584)
	at org.jetbrains.kotlin.backend.jvm.codegen.ExpressionCodegen.visitBlockBody(ExpressionCodegen.kt:138)
	at org.jetbrains.kotlin.ir.expressions.IrBlockBody.accept(IrBlockBody.kt:20)
	at org.jetbrains.kotlin.backend.jvm.codegen.ExpressionCodegen.generate(ExpressionCodegen.kt:240)
	at org.jetbrains.kotlin.backend.jvm.codegen.FunctionCodegen.doGenerate(FunctionCodegen.kt:123)
	at org.jetbrains.kotlin.backend.jvm.codegen.FunctionCodegen.generate(FunctionCodegen.kt:44)
	... 53 more
Caused by: java.lang.IllegalStateException: couldn't find inline method Landroidx/compose/runtime/CompositionLocal;.getCurrent()Ljava/lang/Object;
	at org.jetbrains.kotlin.codegen.inline.SourceCompilerForInlineKt.getMethodNode(SourceCompilerForInline.kt:118)
	at org.jetbrains.kotlin.codegen.inline.SourceCompilerForInlineKt.loadCompiledInlineFunction(SourceCompilerForInline.kt:96)
	at org.jetbrains.kotlin.backend.jvm.codegen.IrSourceCompilerForInline.compileInlineFunction(IrSourceCompilerForInline.kt:91)
	at org.jetbrains.kotlin.codegen.inline.InlineCodegen.compileInline(InlineCodegen.kt:43)
	at org.jetbrains.kotlin.codegen.inline.InlineCodegen.performInline(InlineCodegen.kt:51)
	... 68 more


